17:05:50 **** Incremental Build of configuration Debug for project UART ****
make all 
Building file: ../system/src/stm32f4-hal/stm32f4xx_hal.c
Invoking: Cross ARM GNU C Compiler
arm-none-eabi-gcc -mcpu=cortex-m4 -mthumb -mfloat-abi=soft -Og -fmessage-length=0 -fsigned-char -ffunction-sections -fdata-sections -ffreestanding -fno-move-loop-invariants -Wall -Wextra  -g3 -DDEBUG -DUSE_FULL_ASSERT -DTRACE -DOS_USE_TRACE_SEMIHOSTING_DEBUG -DSTM32F401xC -DUSE_HAL_DRIVER -DHSE_VALUE=25000000 -I"../include" -I"../system/include" -I"../system/include/cmsis" -I"../system/include/stm32f4-hal" -std=gnu11 -MMD -MP -MF"system/src/stm32f4-hal/stm32f4xx_hal.d" -MT"system/src/stm32f4-hal/stm32f4xx_hal.o" -c -o "system/src/stm32f4-hal/stm32f4xx_hal.o" "../system/src/stm32f4-hal/stm32f4xx_hal.c"
In file included from ../system/src/stm32f4-hal/stm32f4xx_hal.c:54:0:
../system/include/stm32f4-hal/stm32f4xx_hal.h:48:10: fatal error: stm32f4xx_hal_conf.h: No such file or directory
 #include "stm32f4xx_hal_conf.h"
          ^~~~~~~~~~~~~~~~~~~~~~
compilation terminated.
make: *** [system/src/stm32f4-hal/subdir.mk:230: system/src/stm32f4-hal/stm32f4xx_hal.o] Error 1
17:07:28 **** Incremental Build of configuration Debug for project COTS_RCC ****
make all 
Invoking: Cross ARM GNU Print Size
arm-none-eabi-size --format=berkeley "COTS_RCC.elf"
   text	   data	    bss	    dec	    hex	filename
   4695	    160	    412	   5267	   1493	COTS_RCC.elf
Finished building: COTS_RCC.siz
 
17:07:28 **** Incremental Build of configuration Debug for project UART ****
make all 
Building file: ../system/src/stm32f4-hal/stm32f4xx_hal.c
Invoking: Cross ARM GNU C Compiler
arm-none-eabi-gcc -mcpu=cortex-m4 -mthumb -mfloat-abi=soft -Og -fmessage-length=0 -fsigned-char -ffunction-sections -fdata-sections -ffreestanding -fno-move-loop-invariants -Wall -Wextra  -g3 -DDEBUG -DUSE_FULL_ASSERT -DTRACE -DOS_USE_TRACE_SEMIHOSTING_DEBUG -DSTM32F401xC -DUSE_HAL_DRIVER -DHSE_VALUE=25000000 -I"../include" -I"../system/include" -I"../system/include/cmsis" -I"../system/include/stm32f4-hal" -std=gnu11 -MMD -MP -MF"system/src/stm32f4-hal/stm32f4xx_hal.d" -MT"system/src/stm32f4-hal/stm32f4xx_hal.o" -c -o "system/src/stm32f4-hal/stm32f4xx_hal.o" "../system/src/stm32f4-hal/stm32f4xx_hal.c"
In file included from ../system/src/stm32f4-hal/stm32f4xx_hal.c:54:0:
../system/include/stm32f4-hal/stm32f4xx_hal.h:48:10: fatal error: stm32f4xx_hal_conf.h: No such file or directory
 #include "stm32f4xx_hal_conf.h"
          ^~~~~~~~~~~~~~~~~~~~~~
compilation terminated.
make: *** [system/src/stm32f4-hal/subdir.mk:230: system/src/stm32f4-hal/stm32f4xx_hal.o] Error 1
17:07:29 **** Incremental Build of configuration Debug for project USART ****
 all 
Cannot run program "": Launching failed

Error: Program "" not found in PATH
PATH=[F:\Embedded Systems ( ITI )\ITI\ARM\02- Tools-001\02- Tools\03- IMT SDK\IMT_SDK_Win_64\IMT_SDK_Win_64\WinARM\Build Tools\2.10-20180103-1919\bin;F:/Embedded Systems ( ITI )/ITI/ARM/02- Tools-001/02- Tools/03- IMT SDK/IMT_SDK_Win_64/IMT_SDK_Win_64/jre/bin/server;F:/Embedded Systems ( ITI )/ITI/ARM/02- Tools-001/02- Tools/03- IMT SDK/IMT_SDK_Win_64/IMT_SDK_Win_64/jre/bin;F:/Embedded Systems ( ITI )/ITI/ARM/02- Tools-001/02- Tools/03- IMT SDK/IMT_SDK_Win_64/IMT_SDK_Win_64/jre/lib/amd64;C:\Program Files\Microsoft\jdk-11.0.16.101-hotspot\bin;C:\Program Files (x86)\NVIDIA Corporation\PhysX\Common;C:\Windows\system32;C:\Windows;C:\Windows\System32\Wbem;C:\Windows\System32\WindowsPowerShell\v1.0\;C:\Windows\System32\OpenSSH\;F:\Courses\Embedded (IMT)\Embedded Systems AVR Tools\02- Toolchains\mingw64\bin;C:\WINDOWS\system32;C:\WINDOWS;C:\WINDOWS\System32\Wbem;C:\WINDOWS\System32\WindowsPowerShell\v1.0\;C:\WINDOWS\System32\OpenSSH\;C:\Program Files\Microsoft SQL Server\Client SDK\ODBC\170\Tools\Binn\;C:\Program Files (x86)\Microsoft SQL Server\150\Tools\Binn\;C:\Program Files\Microsoft SQL Server\150\Tools\Binn\;C:\Program Files\Microsoft SQL Server\150\DTS\Binn\;C:\Program Files (x86)\Windows Kits\8.1\Windows Performance Toolkit\;C:\Program Files\Microchip\xc8\v2.36\bin;F:\Embedded Systems ( ITI )\01- Embedded Systems AVR Tools\02- Toolchains\01-mingw-w64_x64\mingw64\bin;C:\Program Files\dotnet\;C:\get-pip.py;C:\Python38\bin;C:\Program Files (x86)\Labcenter Electronics\Proteus 8 Professional\Tools\Python\Lib;C:\Program Files\Git\cmd;C:\python27;C:\Program Files (x86)\Labcenter Electronics\Proteus 8 Professional\Tools\Python;C:\Python\Scripts.;C:\Users\lenovo\AppData\Local\Microsoft\WindowsApps;C:\Users\lenovo\.dotnet\tools;C:\Users\lenovo\AppData\Local\Programs\Microsoft VS Code\bin;F:\Embedded Systems ( ITI )\ITI\ARM\02- Tools-001\02- Tools\03- IMT SDK\IMT_SDK_Win_64\IMT_SDK_Win_64]
17:24:02 **** Build of configuration Debug for project COTS_RCC ****
make all 
Invoking: Cross ARM GNU Print Size
arm-none-eabi-size --format=berkeley "COTS_RCC.elf"
   text	   data	    bss	    dec	    hex	filename
   4695	    160	    412	   5267	   1493	COTS_RCC.elf
Finished building: COTS_RCC.siz
 
17:24:05 **** Build of configuration Debug for project USART ****
 all 
Cannot run program "": Launching failed

Error: Program "" not found in PATH
PATH=[F:\Embedded Systems ( ITI )\ITI\ARM\02- Tools-001\02- Tools\03- IMT SDK\IMT_SDK_Win_64\IMT_SDK_Win_64\WinARM\Build Tools\2.10-20180103-1919\bin;F:/Embedded Systems ( ITI )/ITI/ARM/02- Tools-001/02- Tools/03- IMT SDK/IMT_SDK_Win_64/IMT_SDK_Win_64/jre/bin/server;F:/Embedded Systems ( ITI )/ITI/ARM/02- Tools-001/02- Tools/03- IMT SDK/IMT_SDK_Win_64/IMT_SDK_Win_64/jre/bin;F:/Embedded Systems ( ITI )/ITI/ARM/02- Tools-001/02- Tools/03- IMT SDK/IMT_SDK_Win_64/IMT_SDK_Win_64/jre/lib/amd64;C:\Program Files\Microsoft\jdk-11.0.16.101-hotspot\bin;C:\Program Files (x86)\NVIDIA Corporation\PhysX\Common;C:\Windows\system32;C:\Windows;C:\Windows\System32\Wbem;C:\Windows\System32\WindowsPowerShell\v1.0\;C:\Windows\System32\OpenSSH\;F:\Courses\Embedded (IMT)\Embedded Systems AVR Tools\02- Toolchains\mingw64\bin;C:\WINDOWS\system32;C:\WINDOWS;C:\WINDOWS\System32\Wbem;C:\WINDOWS\System32\WindowsPowerShell\v1.0\;C:\WINDOWS\System32\OpenSSH\;C:\Program Files\Microsoft SQL Server\Client SDK\ODBC\170\Tools\Binn\;C:\Program Files (x86)\Microsoft SQL Server\150\Tools\Binn\;C:\Program Files\Microsoft SQL Server\150\Tools\Binn\;C:\Program Files\Microsoft SQL Server\150\DTS\Binn\;C:\Program Files (x86)\Windows Kits\8.1\Windows Performance Toolkit\;C:\Program Files\Microchip\xc8\v2.36\bin;F:\Embedded Systems ( ITI )\01- Embedded Systems AVR Tools\02- Toolchains\01-mingw-w64_x64\mingw64\bin;C:\Program Files\dotnet\;C:\get-pip.py;C:\Python38\bin;C:\Program Files (x86)\Labcenter Electronics\Proteus 8 Professional\Tools\Python\Lib;C:\Program Files\Git\cmd;C:\python27;C:\Program Files (x86)\Labcenter Electronics\Proteus 8 Professional\Tools\Python;C:\Python\Scripts.;C:\Users\lenovo\AppData\Local\Microsoft\WindowsApps;C:\Users\lenovo\.dotnet\tools;C:\Users\lenovo\AppData\Local\Programs\Microsoft VS Code\bin;F:\Embedded Systems ( ITI )\ITI\ARM\02- Tools-001\02- Tools\03- IMT SDK\IMT_SDK_Win_64\IMT_SDK_Win_64]
19:42:03 **** Incremental Build of configuration Debug for project COTS_RCC ****
make all 
Invoking: Cross ARM GNU Print Size
arm-none-eabi-size --format=berkeley "COTS_RCC.elf"
   text	   data	    bss	    dec	    hex	filename
   4695	    160	    412	   5267	   1493	COTS_RCC.elf
Finished building: COTS_RCC.siz
 
19:42:04 **** Incremental Build of configuration Debug for project USART ****
 all 
Cannot run program "": Launching failed

Error: Program "" not found in PATH
PATH=[F:\Embedded Systems ( ITI )\ITI\ARM\02- Tools-001\02- Tools\03- IMT SDK\IMT_SDK_Win_64\IMT_SDK_Win_64\WinARM\Build Tools\2.10-20180103-1919\bin;F:/Embedded Systems ( ITI )/ITI/ARM/02- Tools-001/02- Tools/03- IMT SDK/IMT_SDK_Win_64/IMT_SDK_Win_64/jre/bin/server;F:/Embedded Systems ( ITI )/ITI/ARM/02- Tools-001/02- Tools/03- IMT SDK/IMT_SDK_Win_64/IMT_SDK_Win_64/jre/bin;F:/Embedded Systems ( ITI )/ITI/ARM/02- Tools-001/02- Tools/03- IMT SDK/IMT_SDK_Win_64/IMT_SDK_Win_64/jre/lib/amd64;C:\Program Files\Microsoft\jdk-11.0.16.101-hotspot\bin;C:\Program Files (x86)\NVIDIA Corporation\PhysX\Common;C:\Windows\system32;C:\Windows;C:\Windows\System32\Wbem;C:\Windows\System32\WindowsPowerShell\v1.0\;C:\Windows\System32\OpenSSH\;F:\Courses\Embedded (IMT)\Embedded Systems AVR Tools\02- Toolchains\mingw64\bin;C:\WINDOWS\system32;C:\WINDOWS;C:\WINDOWS\System32\Wbem;C:\WINDOWS\System32\WindowsPowerShell\v1.0\;C:\WINDOWS\System32\OpenSSH\;C:\Program Files\Microsoft SQL Server\Client SDK\ODBC\170\Tools\Binn\;C:\Program Files (x86)\Microsoft SQL Server\150\Tools\Binn\;C:\Program Files\Microsoft SQL Server\150\Tools\Binn\;C:\Program Files\Microsoft SQL Server\150\DTS\Binn\;C:\Program Files (x86)\Windows Kits\8.1\Windows Performance Toolkit\;C:\Program Files\Microchip\xc8\v2.36\bin;F:\Embedded Systems ( ITI )\01- Embedded Systems AVR Tools\02- Toolchains\01-mingw-w64_x64\mingw64\bin;C:\Program Files\dotnet\;C:\get-pip.py;C:\Python38\bin;C:\Program Files (x86)\Labcenter Electronics\Proteus 8 Professional\Tools\Python\Lib;C:\Program Files\Git\cmd;C:\python27;C:\Program Files (x86)\Labcenter Electronics\Proteus 8 Professional\Tools\Python;C:\Python\Scripts.;C:\Users\lenovo\AppData\Local\Microsoft\WindowsApps;C:\Users\lenovo\.dotnet\tools;C:\Users\lenovo\AppData\Local\Programs\Microsoft VS Code\bin;F:\Embedded Systems ( ITI )\ITI\ARM\02- Tools-001\02- Tools\03- IMT SDK\IMT_SDK_Win_64\IMT_SDK_Win_64]
08:09:49 **** Incremental Build of configuration Debug for project COTS_RCC ****
make all 
Invoking: Cross ARM GNU Print Size
arm-none-eabi-size --format=berkeley "COTS_RCC.elf"
   text	   data	    bss	    dec	    hex	filename
   4695	    160	    412	   5267	   1493	COTS_RCC.elf
Finished building: COTS_RCC.siz
 
08:09:51 **** Incremental Build of configuration Debug for project USART ****
 all 
Cannot run program "": Launching failed

Error: Program "" not found in PATH
PATH=[F:\Embedded Systems ( ITI )\ITI\ARM\02- Tools-001\02- Tools\03- IMT SDK\IMT_SDK_Win_64\IMT_SDK_Win_64\WinARM\Build Tools\2.10-20180103-1919\bin;F:/Embedded Systems ( ITI )/ITI/ARM/02- Tools-001/02- Tools/03- IMT SDK/IMT_SDK_Win_64/IMT_SDK_Win_64/jre/bin/server;F:/Embedded Systems ( ITI )/ITI/ARM/02- Tools-001/02- Tools/03- IMT SDK/IMT_SDK_Win_64/IMT_SDK_Win_64/jre/bin;F:/Embedded Systems ( ITI )/ITI/ARM/02- Tools-001/02- Tools/03- IMT SDK/IMT_SDK_Win_64/IMT_SDK_Win_64/jre/lib/amd64;C:\Program Files\Microsoft\jdk-11.0.16.101-hotspot\bin;C:\Program Files (x86)\NVIDIA Corporation\PhysX\Common;C:\Windows\system32;C:\Windows;C:\Windows\System32\Wbem;C:\Windows\System32\WindowsPowerShell\v1.0\;C:\Windows\System32\OpenSSH\;F:\Courses\Embedded (IMT)\Embedded Systems AVR Tools\02- Toolchains\mingw64\bin;C:\WINDOWS\system32;C:\WINDOWS;C:\WINDOWS\System32\Wbem;C:\WINDOWS\System32\WindowsPowerShell\v1.0\;C:\WINDOWS\System32\OpenSSH\;C:\Program Files\Microsoft SQL Server\Client SDK\ODBC\170\Tools\Binn\;C:\Program Files (x86)\Microsoft SQL Server\150\Tools\Binn\;C:\Program Files\Microsoft SQL Server\150\Tools\Binn\;C:\Program Files\Microsoft SQL Server\150\DTS\Binn\;C:\Program Files (x86)\Windows Kits\8.1\Windows Performance Toolkit\;C:\Program Files\Microchip\xc8\v2.36\bin;F:\Embedded Systems ( ITI )\01- Embedded Systems AVR Tools\02- Toolchains\01-mingw-w64_x64\mingw64\bin;C:\Program Files\dotnet\;C:\get-pip.py;C:\Python38\bin;C:\Program Files (x86)\Labcenter Electronics\Proteus 8 Professional\Tools\Python\Lib;C:\Program Files\Git\cmd;C:\python27;C:\Program Files (x86)\Labcenter Electronics\Proteus 8 Professional\Tools\Python;C:\Python\Scripts.;C:\Users\lenovo\AppData\Local\Microsoft\WindowsApps;C:\Users\lenovo\.dotnet\tools;C:\Users\lenovo\AppData\Local\Programs\Microsoft VS Code\bin;F:\Embedded Systems ( ITI )\ITI\ARM\02- Tools-001\02- Tools\03- IMT SDK\IMT_SDK_Win_64\IMT_SDK_Win_64]
08:22:30 **** Incremental Build of configuration Debug for project COTS_RCC ****
make all 
Invoking: Cross ARM GNU Print Size
arm-none-eabi-size --format=berkeley "COTS_RCC.elf"
   text	   data	    bss	    dec	    hex	filename
   4695	    160	    412	   5267	   1493	COTS_RCC.elf
Finished building: COTS_RCC.siz
 
08:22:31 **** Incremental Build of configuration Debug for project USART ****
 all 
Cannot run program "": Launching failed

Error: Program "" not found in PATH
PATH=[F:\Embedded Systems ( ITI )\ITI\ARM\02- Tools-001\02- Tools\03- IMT SDK\IMT_SDK_Win_64\IMT_SDK_Win_64\WinARM\Build Tools\2.10-20180103-1919\bin;F:/Embedded Systems ( ITI )/ITI/ARM/02- Tools-001/02- Tools/03- IMT SDK/IMT_SDK_Win_64/IMT_SDK_Win_64/jre/bin/server;F:/Embedded Systems ( ITI )/ITI/ARM/02- Tools-001/02- Tools/03- IMT SDK/IMT_SDK_Win_64/IMT_SDK_Win_64/jre/bin;F:/Embedded Systems ( ITI )/ITI/ARM/02- Tools-001/02- Tools/03- IMT SDK/IMT_SDK_Win_64/IMT_SDK_Win_64/jre/lib/amd64;C:\Program Files\Microsoft\jdk-11.0.16.101-hotspot\bin;C:\Program Files (x86)\NVIDIA Corporation\PhysX\Common;C:\Windows\system32;C:\Windows;C:\Windows\System32\Wbem;C:\Windows\System32\WindowsPowerShell\v1.0\;C:\Windows\System32\OpenSSH\;F:\Courses\Embedded (IMT)\Embedded Systems AVR Tools\02- Toolchains\mingw64\bin;C:\WINDOWS\system32;C:\WINDOWS;C:\WINDOWS\System32\Wbem;C:\WINDOWS\System32\WindowsPowerShell\v1.0\;C:\WINDOWS\System32\OpenSSH\;C:\Program Files\Microsoft SQL Server\Client SDK\ODBC\170\Tools\Binn\;C:\Program Files (x86)\Microsoft SQL Server\150\Tools\Binn\;C:\Program Files\Microsoft SQL Server\150\Tools\Binn\;C:\Program Files\Microsoft SQL Server\150\DTS\Binn\;C:\Program Files (x86)\Windows Kits\8.1\Windows Performance Toolkit\;C:\Program Files\Microchip\xc8\v2.36\bin;F:\Embedded Systems ( ITI )\01- Embedded Systems AVR Tools\02- Toolchains\01-mingw-w64_x64\mingw64\bin;C:\Program Files\dotnet\;C:\get-pip.py;C:\Python38\bin;C:\Program Files (x86)\Labcenter Electronics\Proteus 8 Professional\Tools\Python\Lib;C:\Program Files\Git\cmd;C:\python27;C:\Program Files (x86)\Labcenter Electronics\Proteus 8 Professional\Tools\Python;C:\Python\Scripts.;C:\Users\lenovo\AppData\Local\Microsoft\WindowsApps;C:\Users\lenovo\.dotnet\tools;C:\Users\lenovo\AppData\Local\Programs\Microsoft VS Code\bin;F:\Embedded Systems ( ITI )\ITI\ARM\02- Tools-001\02- Tools\03- IMT SDK\IMT_SDK_Win_64\IMT_SDK_Win_64]
08:22:34 **** Incremental Build of configuration Debug for project COTS_RCC ****
make all 
Invoking: Cross ARM GNU Print Size
arm-none-eabi-size --format=berkeley "COTS_RCC.elf"
   text	   data	    bss	    dec	    hex	filename
   4695	    160	    412	   5267	   1493	COTS_RCC.elf
Finished building: COTS_RCC.siz
 
08:22:34 **** Incremental Build of configuration Debug for project USART ****
 all 
Cannot run program "": Launching failed

Error: Program "" not found in PATH
PATH=[F:\Embedded Systems ( ITI )\ITI\ARM\02- Tools-001\02- Tools\03- IMT SDK\IMT_SDK_Win_64\IMT_SDK_Win_64\WinARM\Build Tools\2.10-20180103-1919\bin;F:/Embedded Systems ( ITI )/ITI/ARM/02- Tools-001/02- Tools/03- IMT SDK/IMT_SDK_Win_64/IMT_SDK_Win_64/jre/bin/server;F:/Embedded Systems ( ITI )/ITI/ARM/02- Tools-001/02- Tools/03- IMT SDK/IMT_SDK_Win_64/IMT_SDK_Win_64/jre/bin;F:/Embedded Systems ( ITI )/ITI/ARM/02- Tools-001/02- Tools/03- IMT SDK/IMT_SDK_Win_64/IMT_SDK_Win_64/jre/lib/amd64;C:\Program Files\Microsoft\jdk-11.0.16.101-hotspot\bin;C:\Program Files (x86)\NVIDIA Corporation\PhysX\Common;C:\Windows\system32;C:\Windows;C:\Windows\System32\Wbem;C:\Windows\System32\WindowsPowerShell\v1.0\;C:\Windows\System32\OpenSSH\;F:\Courses\Embedded (IMT)\Embedded Systems AVR Tools\02- Toolchains\mingw64\bin;C:\WINDOWS\system32;C:\WINDOWS;C:\WINDOWS\System32\Wbem;C:\WINDOWS\System32\WindowsPowerShell\v1.0\;C:\WINDOWS\System32\OpenSSH\;C:\Program Files\Microsoft SQL Server\Client SDK\ODBC\170\Tools\Binn\;C:\Program Files (x86)\Microsoft SQL Server\150\Tools\Binn\;C:\Program Files\Microsoft SQL Server\150\Tools\Binn\;C:\Program Files\Microsoft SQL Server\150\DTS\Binn\;C:\Program Files (x86)\Windows Kits\8.1\Windows Performance Toolkit\;C:\Program Files\Microchip\xc8\v2.36\bin;F:\Embedded Systems ( ITI )\01- Embedded Systems AVR Tools\02- Toolchains\01-mingw-w64_x64\mingw64\bin;C:\Program Files\dotnet\;C:\get-pip.py;C:\Python38\bin;C:\Program Files (x86)\Labcenter Electronics\Proteus 8 Professional\Tools\Python\Lib;C:\Program Files\Git\cmd;C:\python27;C:\Program Files (x86)\Labcenter Electronics\Proteus 8 Professional\Tools\Python;C:\Python\Scripts.;C:\Users\lenovo\AppData\Local\Microsoft\WindowsApps;C:\Users\lenovo\.dotnet\tools;C:\Users\lenovo\AppData\Local\Programs\Microsoft VS Code\bin;F:\Embedded Systems ( ITI )\ITI\ARM\02- Tools-001\02- Tools\03- IMT SDK\IMT_SDK_Win_64\IMT_SDK_Win_64]
14:01:29 **** Clean-only build of configuration Debug for project BL ****
make clean 
rm -rf  ./system/src/stm32f1-stdperiph/misc.o ./system/src/stm32f1-stdperiph/stm32f10x_gpio.o ./system/src/stm32f1-stdperiph/stm32f10x_rcc.o  ./system/src/newlib/_cxx.o ./system/src/newlib/_exit.o ./system/src/newlib/_sbrk.o ./system/src/newlib/_startup.o ./system/src/newlib/_syscalls.o ./system/src/newlib/assert.o  ./system/src/diag/Trace.o ./system/src/diag/trace_impl.o  ./system/src/cortexm/_initialize_hardware.o ./system/src/cortexm/_reset_hardware.o ./system/src/cortexm/exception_handlers.o  ./system/src/cmsis/system_stm32f10x.o ./system/src/cmsis/vectors_stm32f10x.o  ./src/DIO_program.o ./src/FPEC_program.o ./src/Parse.o ./src/RCC_program.o ./src/STK_program.o ./src/USART_program.o ./src/main.o  HE_BL.hex  HE_BL.siz  ./system/src/stm32f1-stdperiph/misc.d ./system/src/stm32f1-stdperiph/stm32f10x_gpio.d ./system/src/stm32f1-stdperiph/stm32f10x_rcc.d  ./system/src/newlib/_exit.d ./system/src/newlib/_sbrk.d ./system/src/newlib/_startup.d ./system/src/newlib/_syscalls.d ./system/src/newlib/assert.d  ./system/src/diag/Trace.d ./system/src/diag/trace_impl.d  ./system/src/cortexm/_initialize_hardware.d ./system/src/cortexm/_reset_hardware.d ./system/src/cortexm/exception_handlers.d  ./system/src/cmsis/system_stm32f10x.d ./system/src/cmsis/vectors_stm32f10x.d  ./src/DIO_program.d ./src/FPEC_program.d ./src/Parse.d ./src/RCC_program.d ./src/STK_program.d ./src/USART_program.d ./src/main.d  ./system/src/newlib/_cxx.d  HE_BL.elf
 
14:01:30 **** Build of configuration Debug for project BL ****
make all 
Building file: ../system/src/stm32f1-stdperiph/misc.c
Invoking: Cross ARM GNU C Compiler
arm-none-eabi-gcc -mcpu=cortex-m3 -mthumb -Og -fmessage-length=0 -fsigned-char -ffunction-sections -fdata-sections -ffreestanding -fno-move-loop-invariants -Wall -Wextra  -g3 -DDEBUG -DUSE_FULL_ASSERT -DSTM32F10X_MD -DUSE_STDPERIPH_DRIVER -DHSE_VALUE=8000000 -I"../include" -I"../system/include" -I"../system/include/cmsis" -I"../system/include/stm32f1-stdperiph" -std=gnu11 -MMD -MP -MF"system/src/stm32f1-stdperiph/misc.d" -MT"system/src/stm32f1-stdperiph/misc.o" -c -o "system/src/stm32f1-stdperiph/misc.o" "../system/src/stm32f1-stdperiph/misc.c"
Finished building: ../system/src/stm32f1-stdperiph/misc.c
 
Building file: ../system/src/stm32f1-stdperiph/stm32f10x_gpio.c
Invoking: Cross ARM GNU C Compiler
arm-none-eabi-gcc -mcpu=cortex-m3 -mthumb -Og -fmessage-length=0 -fsigned-char -ffunction-sections -fdata-sections -ffreestanding -fno-move-loop-invariants -Wall -Wextra  -g3 -DDEBUG -DUSE_FULL_ASSERT -DSTM32F10X_MD -DUSE_STDPERIPH_DRIVER -DHSE_VALUE=8000000 -I"../include" -I"../system/include" -I"../system/include/cmsis" -I"../system/include/stm32f1-stdperiph" -std=gnu11 -MMD -MP -MF"system/src/stm32f1-stdperiph/stm32f10x_gpio.d" -MT"system/src/stm32f1-stdperiph/stm32f10x_gpio.o" -c -o "system/src/stm32f1-stdperiph/stm32f10x_gpio.o" "../system/src/stm32f1-stdperiph/stm32f10x_gpio.c"
Finished building: ../system/src/stm32f1-stdperiph/stm32f10x_gpio.c
 
Building file: ../system/src/stm32f1-stdperiph/stm32f10x_rcc.c
Invoking: Cross ARM GNU C Compiler
arm-none-eabi-gcc -mcpu=cortex-m3 -mthumb -Og -fmessage-length=0 -fsigned-char -ffunction-sections -fdata-sections -ffreestanding -fno-move-loop-invariants -Wall -Wextra  -g3 -DDEBUG -DUSE_FULL_ASSERT -DSTM32F10X_MD -DUSE_STDPERIPH_DRIVER -DHSE_VALUE=8000000 -I"../include" -I"../system/include" -I"../system/include/cmsis" -I"../system/include/stm32f1-stdperiph" -std=gnu11 -MMD -MP -MF"system/src/stm32f1-stdperiph/stm32f10x_rcc.d" -MT"system/src/stm32f1-stdperiph/stm32f10x_rcc.o" -c -o "system/src/stm32f1-stdperiph/stm32f10x_rcc.o" "../system/src/stm32f1-stdperiph/stm32f10x_rcc.c"
Finished building: ../system/src/stm32f1-stdperiph/stm32f10x_rcc.c
 
Building file: ../system/src/newlib/_cxx.cpp
Invoking: Cross ARM GNU C++ Compiler
arm-none-eabi-g++ -mcpu=cortex-m3 -mthumb -Og -fmessage-length=0 -fsigned-char -ffunction-sections -fdata-sections -ffreestanding -fno-move-loop-invariants -Wall -Wextra  -g3 -DDEBUG -DUSE_FULL_ASSERT -DSTM32F10X_MD -DUSE_STDPERIPH_DRIVER -DHSE_VALUE=8000000 -I"../include" -I"../system/include" -I"../system/include/cmsis" -I"../system/include/stm32f1-stdperiph" -std=gnu++11 -fabi-version=0 -fno-exceptions -fno-rtti -fno-use-cxa-atexit -fno-threadsafe-statics -MMD -MP -MF"system/src/newlib/_cxx.d" -MT"system/src/newlib/_cxx.o" -c -o "system/src/newlib/_cxx.o" "../system/src/newlib/_cxx.cpp"
Finished building: ../system/src/newlib/_cxx.cpp
 
Building file: ../system/src/newlib/_exit.c
Invoking: Cross ARM GNU C Compiler
arm-none-eabi-gcc -mcpu=cortex-m3 -mthumb -Og -fmessage-length=0 -fsigned-char -ffunction-sections -fdata-sections -ffreestanding -fno-move-loop-invariants -Wall -Wextra  -g3 -DDEBUG -DUSE_FULL_ASSERT -DSTM32F10X_MD -DUSE_STDPERIPH_DRIVER -DHSE_VALUE=8000000 -I"../include" -I"../system/include" -I"../system/include/cmsis" -I"../system/include/stm32f1-stdperiph" -std=gnu11 -MMD -MP -MF"system/src/newlib/_exit.d" -MT"system/src/newlib/_exit.o" -c -o "system/src/newlib/_exit.o" "../system/src/newlib/_exit.c"
Finished building: ../system/src/newlib/_exit.c
 
Building file: ../system/src/newlib/_sbrk.c
Invoking: Cross ARM GNU C Compiler
arm-none-eabi-gcc -mcpu=cortex-m3 -mthumb -Og -fmessage-length=0 -fsigned-char -ffunction-sections -fdata-sections -ffreestanding -fno-move-loop-invariants -Wall -Wextra  -g3 -DDEBUG -DUSE_FULL_ASSERT -DSTM32F10X_MD -DUSE_STDPERIPH_DRIVER -DHSE_VALUE=8000000 -I"../include" -I"../system/include" -I"../system/include/cmsis" -I"../system/include/stm32f1-stdperiph" -std=gnu11 -MMD -MP -MF"system/src/newlib/_sbrk.d" -MT"system/src/newlib/_sbrk.o" -c -o "system/src/newlib/_sbrk.o" "../system/src/newlib/_sbrk.c"
Finished building: ../system/src/newlib/_sbrk.c
 
Building file: ../system/src/newlib/_startup.c
Invoking: Cross ARM GNU C Compiler
arm-none-eabi-gcc -mcpu=cortex-m3 -mthumb -Og -fmessage-length=0 -fsigned-char -ffunction-sections -fdata-sections -ffreestanding -fno-move-loop-invariants -Wall -Wextra  -g3 -DDEBUG -DUSE_FULL_ASSERT -DSTM32F10X_MD -DUSE_STDPERIPH_DRIVER -DHSE_VALUE=8000000 -I"../include" -I"../system/include" -I"../system/include/cmsis" -I"../system/include/stm32f1-stdperiph" -std=gnu11 -MMD -MP -MF"system/src/newlib/_startup.d" -MT"system/src/newlib/_startup.o" -c -o "system/src/newlib/_startup.o" "../system/src/newlib/_startup.c"
Finished building: ../system/src/newlib/_startup.c
 
Building file: ../system/src/newlib/_syscalls.c
Invoking: Cross ARM GNU C Compiler
arm-none-eabi-gcc -mcpu=cortex-m3 -mthumb -Og -fmessage-length=0 -fsigned-char -ffunction-sections -fdata-sections -ffreestanding -fno-move-loop-invariants -Wall -Wextra  -g3 -DDEBUG -DUSE_FULL_ASSERT -DSTM32F10X_MD -DUSE_STDPERIPH_DRIVER -DHSE_VALUE=8000000 -I"../include" -I"../system/include" -I"../system/include/cmsis" -I"../system/include/stm32f1-stdperiph" -std=gnu11 -MMD -MP -MF"system/src/newlib/_syscalls.d" -MT"system/src/newlib/_syscalls.o" -c -o "system/src/newlib/_syscalls.o" "../system/src/newlib/_syscalls.c"
Finished building: ../system/src/newlib/_syscalls.c
 
Building file: ../system/src/newlib/assert.c
Invoking: Cross ARM GNU C Compiler
arm-none-eabi-gcc -mcpu=cortex-m3 -mthumb -Og -fmessage-length=0 -fsigned-char -ffunction-sections -fdata-sections -ffreestanding -fno-move-loop-invariants -Wall -Wextra  -g3 -DDEBUG -DUSE_FULL_ASSERT -DSTM32F10X_MD -DUSE_STDPERIPH_DRIVER -DHSE_VALUE=8000000 -I"../include" -I"../system/include" -I"../system/include/cmsis" -I"../system/include/stm32f1-stdperiph" -std=gnu11 -MMD -MP -MF"system/src/newlib/assert.d" -MT"system/src/newlib/assert.o" -c -o "system/src/newlib/assert.o" "../system/src/newlib/assert.c"
Finished building: ../system/src/newlib/assert.c
 
Building file: ../system/src/diag/Trace.c
Invoking: Cross ARM GNU C Compiler
arm-none-eabi-gcc -mcpu=cortex-m3 -mthumb -Og -fmessage-length=0 -fsigned-char -ffunction-sections -fdata-sections -ffreestanding -fno-move-loop-invariants -Wall -Wextra  -g3 -DDEBUG -DUSE_FULL_ASSERT -DSTM32F10X_MD -DUSE_STDPERIPH_DRIVER -DHSE_VALUE=8000000 -I"../include" -I"../system/include" -I"../system/include/cmsis" -I"../system/include/stm32f1-stdperiph" -std=gnu11 -MMD -MP -MF"system/src/diag/Trace.d" -MT"system/src/diag/Trace.o" -c -o "system/src/diag/Trace.o" "../system/src/diag/Trace.c"
Finished building: ../system/src/diag/Trace.c
 
Building file: ../system/src/diag/trace_impl.c
Invoking: Cross ARM GNU C Compiler
arm-none-eabi-gcc -mcpu=cortex-m3 -mthumb -Og -fmessage-length=0 -fsigned-char -ffunction-sections -fdata-sections -ffreestanding -fno-move-loop-invariants -Wall -Wextra  -g3 -DDEBUG -DUSE_FULL_ASSERT -DSTM32F10X_MD -DUSE_STDPERIPH_DRIVER -DHSE_VALUE=8000000 -I"../include" -I"../system/include" -I"../system/include/cmsis" -I"../system/include/stm32f1-stdperiph" -std=gnu11 -MMD -MP -MF"system/src/diag/trace_impl.d" -MT"system/src/diag/trace_impl.o" -c -o "system/src/diag/trace_impl.o" "../system/src/diag/trace_impl.c"
Finished building: ../system/src/diag/trace_impl.c
 
Building file: ../system/src/cortexm/_initialize_hardware.c
Invoking: Cross ARM GNU C Compiler
arm-none-eabi-gcc -mcpu=cortex-m3 -mthumb -Og -fmessage-length=0 -fsigned-char -ffunction-sections -fdata-sections -ffreestanding -fno-move-loop-invariants -Wall -Wextra  -g3 -DDEBUG -DUSE_FULL_ASSERT -DSTM32F10X_MD -DUSE_STDPERIPH_DRIVER -DHSE_VALUE=8000000 -I"../include" -I"../system/include" -I"../system/include/cmsis" -I"../system/include/stm32f1-stdperiph" -std=gnu11 -MMD -MP -MF"system/src/cortexm/_initialize_hardware.d" -MT"system/src/cortexm/_initialize_hardware.o" -c -o "system/src/cortexm/_initialize_hardware.o" "../system/src/cortexm/_initialize_hardware.c"
Finished building: ../system/src/cortexm/_initialize_hardware.c
 
Building file: ../system/src/cortexm/_reset_hardware.c
Invoking: Cross ARM GNU C Compiler
arm-none-eabi-gcc -mcpu=cortex-m3 -mthumb -Og -fmessage-length=0 -fsigned-char -ffunction-sections -fdata-sections -ffreestanding -fno-move-loop-invariants -Wall -Wextra  -g3 -DDEBUG -DUSE_FULL_ASSERT -DSTM32F10X_MD -DUSE_STDPERIPH_DRIVER -DHSE_VALUE=8000000 -I"../include" -I"../system/include" -I"../system/include/cmsis" -I"../system/include/stm32f1-stdperiph" -std=gnu11 -MMD -MP -MF"system/src/cortexm/_reset_hardware.d" -MT"system/src/cortexm/_reset_hardware.o" -c -o "system/src/cortexm/_reset_hardware.o" "../system/src/cortexm/_reset_hardware.c"
Finished building: ../system/src/cortexm/_reset_hardware.c
 
Building file: ../system/src/cortexm/exception_handlers.c
Invoking: Cross ARM GNU C Compiler
arm-none-eabi-gcc -mcpu=cortex-m3 -mthumb -Og -fmessage-length=0 -fsigned-char -ffunction-sections -fdata-sections -ffreestanding -fno-move-loop-invariants -Wall -Wextra  -g3 -DDEBUG -DUSE_FULL_ASSERT -DSTM32F10X_MD -DUSE_STDPERIPH_DRIVER -DHSE_VALUE=8000000 -I"../include" -I"../system/include" -I"../system/include/cmsis" -I"../system/include/stm32f1-stdperiph" -std=gnu11 -MMD -MP -MF"system/src/cortexm/exception_handlers.d" -MT"system/src/cortexm/exception_handlers.o" -c -o "system/src/cortexm/exception_handlers.o" "../system/src/cortexm/exception_handlers.c"
Finished building: ../system/src/cortexm/exception_handlers.c
 
Building file: ../system/src/cmsis/system_stm32f10x.c
Invoking: Cross ARM GNU C Compiler
arm-none-eabi-gcc -mcpu=cortex-m3 -mthumb -Og -fmessage-length=0 -fsigned-char -ffunction-sections -fdata-sections -ffreestanding -fno-move-loop-invariants -Wall -Wextra  -g3 -DDEBUG -DUSE_FULL_ASSERT -DSTM32F10X_MD -DUSE_STDPERIPH_DRIVER -DHSE_VALUE=8000000 -I"../include" -I"../system/include" -I"../system/include/cmsis" -I"../system/include/stm32f1-stdperiph" -std=gnu11 -MMD -MP -MF"system/src/cmsis/system_stm32f10x.d" -MT"system/src/cmsis/system_stm32f10x.o" -c -o "system/src/cmsis/system_stm32f10x.o" "../system/src/cmsis/system_stm32f10x.c"
Finished building: ../system/src/cmsis/system_stm32f10x.c
 
Building file: ../system/src/cmsis/vectors_stm32f10x.c
Invoking: Cross ARM GNU C Compiler
arm-none-eabi-gcc -mcpu=cortex-m3 -mthumb -Og -fmessage-length=0 -fsigned-char -ffunction-sections -fdata-sections -ffreestanding -fno-move-loop-invariants -Wall -Wextra  -g3 -DDEBUG -DUSE_FULL_ASSERT -DSTM32F10X_MD -DUSE_STDPERIPH_DRIVER -DHSE_VALUE=8000000 -I"../include" -I"../system/include" -I"../system/include/cmsis" -I"../system/include/stm32f1-stdperiph" -std=gnu11 -MMD -MP -MF"system/src/cmsis/vectors_stm32f10x.d" -MT"system/src/cmsis/vectors_stm32f10x.o" -c -o "system/src/cmsis/vectors_stm32f10x.o" "../system/src/cmsis/vectors_stm32f10x.c"
Finished building: ../system/src/cmsis/vectors_stm32f10x.c
 
Building file: ../src/DIO_program.c
Invoking: Cross ARM GNU C Compiler
arm-none-eabi-gcc -mcpu=cortex-m3 -mthumb -Og -fmessage-length=0 -fsigned-char -ffunction-sections -fdata-sections -ffreestanding -fno-move-loop-invariants -Wall -Wextra  -g3 -DDEBUG -DUSE_FULL_ASSERT -DSTM32F10X_MD -DUSE_STDPERIPH_DRIVER -DHSE_VALUE=8000000 -I"../include" -I"../system/include" -I"../system/include/cmsis" -I"../system/include/stm32f1-stdperiph" -std=gnu11 -MMD -MP -MF"src/DIO_program.d" -MT"src/DIO_program.o" -c -o "src/DIO_program.o" "../src/DIO_program.c"
Finished building: ../src/DIO_program.c
 
Building file: ../src/FPEC_program.c
Invoking: Cross ARM GNU C Compiler
arm-none-eabi-gcc -mcpu=cortex-m3 -mthumb -Og -fmessage-length=0 -fsigned-char -ffunction-sections -fdata-sections -ffreestanding -fno-move-loop-invariants -Wall -Wextra  -g3 -DDEBUG -DUSE_FULL_ASSERT -DSTM32F10X_MD -DUSE_STDPERIPH_DRIVER -DHSE_VALUE=8000000 -I"../include" -I"../system/include" -I"../system/include/cmsis" -I"../system/include/stm32f1-stdperiph" -std=gnu11 -MMD -MP -MF"src/FPEC_program.d" -MT"src/FPEC_program.o" -c -o "src/FPEC_program.o" "../src/FPEC_program.c"
../src/FPEC_program.c: In function 'FPEC_voidFlashWrite':
../src/FPEC_program.c:50:15: warning: variable 'Temp' set but not used [-Wunused-but-set-variable]
  volatile u16 Temp;
               ^~~~
Finished building: ../src/FPEC_program.c
 
Building file: ../src/Parse.c
Invoking: Cross ARM GNU C Compiler
arm-none-eabi-gcc -mcpu=cortex-m3 -mthumb -Og -fmessage-length=0 -fsigned-char -ffunction-sections -fdata-sections -ffreestanding -fno-move-loop-invariants -Wall -Wextra  -g3 -DDEBUG -DUSE_FULL_ASSERT -DSTM32F10X_MD -DUSE_STDPERIPH_DRIVER -DHSE_VALUE=8000000 -I"../include" -I"../system/include" -I"../system/include/cmsis" -I"../system/include/stm32f1-stdperiph" -std=gnu11 -MMD -MP -MF"src/Parse.d" -MT"src/Parse.o" -c -o "src/Parse.o" "../src/Parse.c"
../src/Parse.c: In function 'ParseUpperAddress':
../src/Parse.c:67:28: warning: unused parameter 'Copy_u8BufData' [-Wunused-parameter]
 void ParseUpperAddress(u8* Copy_u8BufData)
                            ^~~~~~~~~~~~~~
Finished building: ../src/Parse.c
 
Building file: ../src/RCC_program.c
Invoking: Cross ARM GNU C Compiler
arm-none-eabi-gcc -mcpu=cortex-m3 -mthumb -Og -fmessage-length=0 -fsigned-char -ffunction-sections -fdata-sections -ffreestanding -fno-move-loop-invariants -Wall -Wextra  -g3 -DDEBUG -DUSE_FULL_ASSERT -DSTM32F10X_MD -DUSE_STDPERIPH_DRIVER -DHSE_VALUE=8000000 -I"../include" -I"../system/include" -I"../system/include/cmsis" -I"../system/include/stm32f1-stdperiph" -std=gnu11 -MMD -MP -MF"src/RCC_program.d" -MT"src/RCC_program.o" -c -o "src/RCC_program.o" "../src/RCC_program.c"
Finished building: ../src/RCC_program.c
 
Building file: ../src/STK_program.c
Invoking: Cross ARM GNU C Compiler
arm-none-eabi-gcc -mcpu=cortex-m3 -mthumb -Og -fmessage-length=0 -fsigned-char -ffunction-sections -fdata-sections -ffreestanding -fno-move-loop-invariants -Wall -Wextra  -g3 -DDEBUG -DUSE_FULL_ASSERT -DSTM32F10X_MD -DUSE_STDPERIPH_DRIVER -DHSE_VALUE=8000000 -I"../include" -I"../system/include" -I"../system/include/cmsis" -I"../system/include/stm32f1-stdperiph" -std=gnu11 -MMD -MP -MF"src/STK_program.d" -MT"src/STK_program.o" -c -o "src/STK_program.o" "../src/STK_program.c"
../src/STK_program.c: In function 'SysTick_Handler':
../src/STK_program.c:122:5: warning: variable 'Local_u8Temporary' set but not used [-Wunused-but-set-variable]
  u8 Local_u8Temporary;
     ^~~~~~~~~~~~~~~~~
Finished building: ../src/STK_program.c
 
Building file: ../src/USART_program.c
Invoking: Cross ARM GNU C Compiler
arm-none-eabi-gcc -mcpu=cortex-m3 -mthumb -Og -fmessage-length=0 -fsigned-char -ffunction-sections -fdata-sections -ffreestanding -fno-move-loop-invariants -Wall -Wextra  -g3 -DDEBUG -DUSE_FULL_ASSERT -DSTM32F10X_MD -DUSE_STDPERIPH_DRIVER -DHSE_VALUE=8000000 -I"../include" -I"../system/include" -I"../system/include/cmsis" -I"../system/include/stm32f1-stdperiph" -std=gnu11 -MMD -MP -MF"src/USART_program.d" -MT"src/USART_program.o" -c -o "src/USART_program.o" "../src/USART_program.c"
Finished building: ../src/USART_program.c
 
Building file: ../src/main.c
Invoking: Cross ARM GNU C Compiler
arm-none-eabi-gcc -mcpu=cortex-m3 -mthumb -Og -fmessage-length=0 -fsigned-char -ffunction-sections -fdata-sections -ffreestanding -fno-move-loop-invariants -Wall -Wextra  -g3 -DDEBUG -DUSE_FULL_ASSERT -DSTM32F10X_MD -DUSE_STDPERIPH_DRIVER -DHSE_VALUE=8000000 -I"../include" -I"../system/include" -I"../system/include/cmsis" -I"../system/include/stm32f1-stdperiph" -std=gnu11 -MMD -MP -MF"src/main.d" -MT"src/main.o" -c -o "src/main.o" "../src/main.c"
../src/main.c: In function 'main':
../src/main.c:61:42: warning: passing argument 1 of 'MUSART1_u8Receive' discards 'volatile' qualifier from pointer target type [-Wdiscarded-qualifiers]
   Local_u8RecStatus = MUSART1_u8Receive( &(u8RecBuffer[u8RecCounter]) );
                                          ^
In file included from ../src/main.c:15:0:
../include/USART_interface.h:26:4: note: expected 'u8 * {aka unsigned char *}' but argument is of type 'volatile u8 * {aka volatile unsigned char *}'
 u8 MUSART1_u8Receive(u8* Copy_u8Data);
    ^~~~~~~~~~~~~~~~~
../src/main.c:75:28: warning: passing argument 1 of 'Parser_voidParseRecord' discards 'volatile' qualifier from pointer target type [-Wdiscarded-qualifiers]
     Parser_voidParseRecord(u8RecBuffer);
                            ^~~~~~~~~~~
../src/main.c:18:6: note: expected 'u8 * {aka unsigned char *}' but argument is of type 'volatile u8 * {aka volatile unsigned char *}'
 void Parser_voidParseRecord(u8* Copy_u8BufData);
      ^~~~~~~~~~~~~~~~~~~~~~
../src/main.c:76:26: warning: pointer targets in passing argument 1 of 'MUSART1_voidTransmit' differ in signedness [-Wpointer-sign]
     MUSART1_voidTransmit("ok");
                          ^~~~
In file included from ../src/main.c:15:0:
../include/USART_interface.h:24:6: note: expected 'u8 * {aka unsigned char *}' but argument is of type 'char *'
 void MUSART1_voidTransmit(u8 arr[]);
      ^~~~~~~~~~~~~~~~~~~~
Finished building: ../src/main.c
 
Building target: BL.elf
Invoking: Cross ARM GNU C++ Linker
arm-none-eabi-g++ -mcpu=cortex-m3 -mthumb -Og -fmessage-length=0 -fsigned-char -ffunction-sections -fdata-sections -ffreestanding -fno-move-loop-invariants -Wall -Wextra  -g3 -T mem.ld -T libs.ld -T sections.ld -nostartfiles -Xlinker --gc-sections -L"../ldscripts" -Wl,-Map,"BL.map" --specs=nano.specs -o "BL.elf"  ./system/src/stm32f1-stdperiph/misc.o ./system/src/stm32f1-stdperiph/stm32f10x_gpio.o ./system/src/stm32f1-stdperiph/stm32f10x_rcc.o  ./system/src/newlib/_cxx.o ./system/src/newlib/_exit.o ./system/src/newlib/_sbrk.o ./system/src/newlib/_startup.o ./system/src/newlib/_syscalls.o ./system/src/newlib/assert.o  ./system/src/diag/Trace.o ./system/src/diag/trace_impl.o  ./system/src/cortexm/_initialize_hardware.o ./system/src/cortexm/_reset_hardware.o ./system/src/cortexm/exception_handlers.o  ./system/src/cmsis/system_stm32f10x.o ./system/src/cmsis/vectors_stm32f10x.o  ./src/DIO_program.o ./src/FPEC_program.o ./src/Parse.o ./src/RCC_program.o ./src/STK_program.o ./src/USART_program.o ./src/main.o   
Finished building target: BL.elf
 
Invoking: Cross ARM GNU Create Flash Image
arm-none-eabi-objcopy -O ihex "BL.elf"  "BL.hex"
Finished building: BL.hex
 
Invoking: Cross ARM GNU Print Size
arm-none-eabi-size --format=berkeley "BL.elf"
   text	   data	    bss	    dec	    hex	filename
   2440	     84	    584	   3108	    c24	BL.elf
Finished building: BL.siz
 
14:01:41 **** Build of configuration Debug for project UART ****
make all 
Building file: ../system/src/stm32f4-hal/stm32f4xx_hal.c
Invoking: Cross ARM GNU C Compiler
arm-none-eabi-gcc -mcpu=cortex-m4 -mthumb -mfloat-abi=soft -Og -fmessage-length=0 -fsigned-char -ffunction-sections -fdata-sections -ffreestanding -fno-move-loop-invariants -Wall -Wextra  -g3 -DDEBUG -DUSE_FULL_ASSERT -DTRACE -DOS_USE_TRACE_SEMIHOSTING_DEBUG -DSTM32F401xC -DUSE_HAL_DRIVER -DHSE_VALUE=25000000 -I"../include" -I"../system/include" -I"../system/include/cmsis" -I"../system/include/stm32f4-hal" -std=gnu11 -MMD -MP -MF"system/src/stm32f4-hal/stm32f4xx_hal.d" -MT"system/src/stm32f4-hal/stm32f4xx_hal.o" -c -o "system/src/stm32f4-hal/stm32f4xx_hal.o" "../system/src/stm32f4-hal/stm32f4xx_hal.c"
In file included from ../system/src/stm32f4-hal/stm32f4xx_hal.c:54:0:
../system/include/stm32f4-hal/stm32f4xx_hal.h:48:10: fatal error: stm32f4xx_hal_conf.h: No such file or directory
 #include "stm32f4xx_hal_conf.h"
          ^~~~~~~~~~~~~~~~~~~~~~
compilation terminated.
make: *** [system/src/stm32f4-hal/subdir.mk:230: system/src/stm32f4-hal/stm32f4xx_hal.o] Error 1
14:01:41 **** Incremental Build of configuration Debug for project USART ****
 all 
Cannot run program "": Launching failed

Error: Program "" not found in PATH
PATH=[F:\Embedded Systems ( ITI )\ITI\ARM\02- Tools-001\02- Tools\03- IMT SDK\IMT_SDK_Win_64\IMT_SDK_Win_64\WinARM\Build Tools\2.10-20180103-1919\bin;F:/Embedded Systems ( ITI )/ITI/ARM/02- Tools-001/02- Tools/03- IMT SDK/IMT_SDK_Win_64/IMT_SDK_Win_64/jre/bin/server;F:/Embedded Systems ( ITI )/ITI/ARM/02- Tools-001/02- Tools/03- IMT SDK/IMT_SDK_Win_64/IMT_SDK_Win_64/jre/bin;F:/Embedded Systems ( ITI )/ITI/ARM/02- Tools-001/02- Tools/03- IMT SDK/IMT_SDK_Win_64/IMT_SDK_Win_64/jre/lib/amd64;C:\Program Files\Microsoft\jdk-11.0.16.101-hotspot\bin;C:\Program Files (x86)\NVIDIA Corporation\PhysX\Common;C:\Windows\system32;C:\Windows;C:\Windows\System32\Wbem;C:\Windows\System32\WindowsPowerShell\v1.0\;C:\Windows\System32\OpenSSH\;F:\Courses\Embedded (IMT)\Embedded Systems AVR Tools\02- Toolchains\mingw64\bin;C:\WINDOWS\system32;C:\WINDOWS;C:\WINDOWS\System32\Wbem;C:\WINDOWS\System32\WindowsPowerShell\v1.0\;C:\WINDOWS\System32\OpenSSH\;C:\Program Files\Microsoft SQL Server\Client SDK\ODBC\170\Tools\Binn\;C:\Program Files (x86)\Microsoft SQL Server\150\Tools\Binn\;C:\Program Files\Microsoft SQL Server\150\Tools\Binn\;C:\Program Files\Microsoft SQL Server\150\DTS\Binn\;C:\Program Files (x86)\Windows Kits\8.1\Windows Performance Toolkit\;C:\Program Files\Microchip\xc8\v2.36\bin;F:\Embedded Systems ( ITI )\01- Embedded Systems AVR Tools\02- Toolchains\01-mingw-w64_x64\mingw64\bin;C:\Program Files\dotnet\;C:\get-pip.py;C:\Python38\bin;C:\Program Files (x86)\Labcenter Electronics\Proteus 8 Professional\Tools\Python\Lib;C:\Program Files\Git\cmd;C:\python27;C:\Program Files (x86)\Labcenter Electronics\Proteus 8 Professional\Tools\Python;C:\Python\Scripts.;C:\Users\lenovo\AppData\Local\Microsoft\WindowsApps;C:\Users\lenovo\.dotnet\tools;C:\Users\lenovo\AppData\Local\Programs\Microsoft VS Code\bin;F:\Embedded Systems ( ITI )\ITI\ARM\02- Tools-001\02- Tools\03- IMT SDK\IMT_SDK_Win_64\IMT_SDK_Win_64]
12:37:30 **** Build of configuration Debug for project ADC ****
 all 
Cannot run program "": Launching failed

Error: Program "" not found in PATH
PATH=[F:\Embedded Systems ( ITI )\ITI\ARM\02- Tools-001\02- Tools\03- IMT SDK\IMT_SDK_Win_64\IMT_SDK_Win_64\WinARM\Build Tools\2.10-20180103-1919\bin;F:/Embedded Systems ( ITI )/ITI/ARM/02- Tools-001/02- Tools/03- IMT SDK/IMT_SDK_Win_64/IMT_SDK_Win_64/jre/bin/server;F:/Embedded Systems ( ITI )/ITI/ARM/02- Tools-001/02- Tools/03- IMT SDK/IMT_SDK_Win_64/IMT_SDK_Win_64/jre/bin;F:/Embedded Systems ( ITI )/ITI/ARM/02- Tools-001/02- Tools/03- IMT SDK/IMT_SDK_Win_64/IMT_SDK_Win_64/jre/lib/amd64;C:\Program Files\Microsoft\jdk-11.0.16.101-hotspot\bin;C:\Program Files (x86)\NVIDIA Corporation\PhysX\Common;C:\Windows\system32;C:\Windows;C:\Windows\System32\Wbem;C:\Windows\System32\WindowsPowerShell\v1.0\;C:\Windows\System32\OpenSSH\;F:\Courses\Embedded (IMT)\Embedded Systems AVR Tools\02- Toolchains\mingw64\bin;C:\WINDOWS\system32;C:\WINDOWS;C:\WINDOWS\System32\Wbem;C:\WINDOWS\System32\WindowsPowerShell\v1.0\;C:\WINDOWS\System32\OpenSSH\;C:\Program Files\Microsoft SQL Server\Client SDK\ODBC\170\Tools\Binn\;C:\Program Files (x86)\Microsoft SQL Server\150\Tools\Binn\;C:\Program Files\Microsoft SQL Server\150\Tools\Binn\;C:\Program Files\Microsoft SQL Server\150\DTS\Binn\;C:\Program Files (x86)\Windows Kits\8.1\Windows Performance Toolkit\;C:\Program Files\Microchip\xc8\v2.36\bin;F:\Embedded Systems ( ITI )\01- Embedded Systems AVR Tools\02- Toolchains\01-mingw-w64_x64\mingw64\bin;C:\Program Files\dotnet\;C:\get-pip.py;C:\Python38\bin;C:\Program Files (x86)\Labcenter Electronics\Proteus 8 Professional\Tools\Python\Lib;C:\Program Files\Git\cmd;C:\python27;C:\Program Files (x86)\Labcenter Electronics\Proteus 8 Professional\Tools\Python;C:\Python\Scripts.;C:\Users\lenovo\AppData\Local\Microsoft\WindowsApps;C:\Users\lenovo\.dotnet\tools;C:\Users\lenovo\AppData\Local\Programs\Microsoft VS Code\bin;F:\Embedded Systems ( ITI )\ITI\ARM\02- Tools-001\02- Tools\03- IMT SDK\IMT_SDK_Win_64\IMT_SDK_Win_64]
12:40:49 **** Incremental Build of configuration Debug for project ADC ****
 all 
Cannot run program "": Launching failed

Error: Program "" not found in PATH
PATH=[F:\Embedded Systems ( ITI )\ITI\ARM\02- Tools-001\02- Tools\03- IMT SDK\IMT_SDK_Win_64\IMT_SDK_Win_64\WinARM\Build Tools\2.10-20180103-1919\bin;F:/Embedded Systems ( ITI )/ITI/ARM/02- Tools-001/02- Tools/03- IMT SDK/IMT_SDK_Win_64/IMT_SDK_Win_64/jre/bin/server;F:/Embedded Systems ( ITI )/ITI/ARM/02- Tools-001/02- Tools/03- IMT SDK/IMT_SDK_Win_64/IMT_SDK_Win_64/jre/bin;F:/Embedded Systems ( ITI )/ITI/ARM/02- Tools-001/02- Tools/03- IMT SDK/IMT_SDK_Win_64/IMT_SDK_Win_64/jre/lib/amd64;C:\Program Files\Microsoft\jdk-11.0.16.101-hotspot\bin;C:\Program Files (x86)\NVIDIA Corporation\PhysX\Common;C:\Windows\system32;C:\Windows;C:\Windows\System32\Wbem;C:\Windows\System32\WindowsPowerShell\v1.0\;C:\Windows\System32\OpenSSH\;F:\Courses\Embedded (IMT)\Embedded Systems AVR Tools\02- Toolchains\mingw64\bin;C:\WINDOWS\system32;C:\WINDOWS;C:\WINDOWS\System32\Wbem;C:\WINDOWS\System32\WindowsPowerShell\v1.0\;C:\WINDOWS\System32\OpenSSH\;C:\Program Files\Microsoft SQL Server\Client SDK\ODBC\170\Tools\Binn\;C:\Program Files (x86)\Microsoft SQL Server\150\Tools\Binn\;C:\Program Files\Microsoft SQL Server\150\Tools\Binn\;C:\Program Files\Microsoft SQL Server\150\DTS\Binn\;C:\Program Files (x86)\Windows Kits\8.1\Windows Performance Toolkit\;C:\Program Files\Microchip\xc8\v2.36\bin;F:\Embedded Systems ( ITI )\01- Embedded Systems AVR Tools\02- Toolchains\01-mingw-w64_x64\mingw64\bin;C:\Program Files\dotnet\;C:\get-pip.py;C:\Python38\bin;C:\Program Files (x86)\Labcenter Electronics\Proteus 8 Professional\Tools\Python\Lib;C:\Program Files\Git\cmd;C:\python27;C:\Program Files (x86)\Labcenter Electronics\Proteus 8 Professional\Tools\Python;C:\Python\Scripts.;C:\Users\lenovo\AppData\Local\Microsoft\WindowsApps;C:\Users\lenovo\.dotnet\tools;C:\Users\lenovo\AppData\Local\Programs\Microsoft VS Code\bin;F:\Embedded Systems ( ITI )\ITI\ARM\02- Tools-001\02- Tools\03- IMT SDK\IMT_SDK_Win_64\IMT_SDK_Win_64]
12:40:49 **** Build of configuration Debug for project COTS_GPIO ****
make all 
Invoking: Cross ARM GNU Print Size
arm-none-eabi-size --format=berkeley "COTS_GPIO.elf"
   text	   data	    bss	    dec	    hex	filename
   9115	    160	    416	   9691	   25db	COTS_GPIO.elf
Finished building: COTS_GPIO.siz
 
12:41:10 **** Incremental Build of configuration Debug for project ADC ****
 all 
Cannot run program "": Launching failed

Error: Program "" not found in PATH
PATH=[F:\Embedded Systems ( ITI )\ITI\ARM\02- Tools-001\02- Tools\03- IMT SDK\IMT_SDK_Win_64\IMT_SDK_Win_64\WinARM\Build Tools\2.10-20180103-1919\bin;F:/Embedded Systems ( ITI )/ITI/ARM/02- Tools-001/02- Tools/03- IMT SDK/IMT_SDK_Win_64/IMT_SDK_Win_64/jre/bin/server;F:/Embedded Systems ( ITI )/ITI/ARM/02- Tools-001/02- Tools/03- IMT SDK/IMT_SDK_Win_64/IMT_SDK_Win_64/jre/bin;F:/Embedded Systems ( ITI )/ITI/ARM/02- Tools-001/02- Tools/03- IMT SDK/IMT_SDK_Win_64/IMT_SDK_Win_64/jre/lib/amd64;C:\Program Files\Microsoft\jdk-11.0.16.101-hotspot\bin;C:\Program Files (x86)\NVIDIA Corporation\PhysX\Common;C:\Windows\system32;C:\Windows;C:\Windows\System32\Wbem;C:\Windows\System32\WindowsPowerShell\v1.0\;C:\Windows\System32\OpenSSH\;F:\Courses\Embedded (IMT)\Embedded Systems AVR Tools\02- Toolchains\mingw64\bin;C:\WINDOWS\system32;C:\WINDOWS;C:\WINDOWS\System32\Wbem;C:\WINDOWS\System32\WindowsPowerShell\v1.0\;C:\WINDOWS\System32\OpenSSH\;C:\Program Files\Microsoft SQL Server\Client SDK\ODBC\170\Tools\Binn\;C:\Program Files (x86)\Microsoft SQL Server\150\Tools\Binn\;C:\Program Files\Microsoft SQL Server\150\Tools\Binn\;C:\Program Files\Microsoft SQL Server\150\DTS\Binn\;C:\Program Files (x86)\Windows Kits\8.1\Windows Performance Toolkit\;C:\Program Files\Microchip\xc8\v2.36\bin;F:\Embedded Systems ( ITI )\01- Embedded Systems AVR Tools\02- Toolchains\01-mingw-w64_x64\mingw64\bin;C:\Program Files\dotnet\;C:\get-pip.py;C:\Python38\bin;C:\Program Files (x86)\Labcenter Electronics\Proteus 8 Professional\Tools\Python\Lib;C:\Program Files\Git\cmd;C:\python27;C:\Program Files (x86)\Labcenter Electronics\Proteus 8 Professional\Tools\Python;C:\Python\Scripts.;C:\Users\lenovo\AppData\Local\Microsoft\WindowsApps;C:\Users\lenovo\.dotnet\tools;C:\Users\lenovo\AppData\Local\Programs\Microsoft VS Code\bin;F:\Embedded Systems ( ITI )\ITI\ARM\02- Tools-001\02- Tools\03- IMT SDK\IMT_SDK_Win_64\IMT_SDK_Win_64]
12:41:10 **** Incremental Build of configuration Debug for project COTS_GPIO ****
make all 
Invoking: Cross ARM GNU Print Size
arm-none-eabi-size --format=berkeley "COTS_GPIO.elf"
   text	   data	    bss	    dec	    hex	filename
   9115	    160	    416	   9691	   25db	COTS_GPIO.elf
Finished building: COTS_GPIO.siz
 
12:42:31 **** Incremental Build of configuration Debug for project ADC ****
 all 
Cannot run program "": Launching failed

Error: Program "" not found in PATH
PATH=[F:\Embedded Systems ( ITI )\ITI\ARM\02- Tools-001\02- Tools\03- IMT SDK\IMT_SDK_Win_64\IMT_SDK_Win_64\WinARM\Build Tools\2.10-20180103-1919\bin;F:/Embedded Systems ( ITI )/ITI/ARM/02- Tools-001/02- Tools/03- IMT SDK/IMT_SDK_Win_64/IMT_SDK_Win_64/jre/bin/server;F:/Embedded Systems ( ITI )/ITI/ARM/02- Tools-001/02- Tools/03- IMT SDK/IMT_SDK_Win_64/IMT_SDK_Win_64/jre/bin;F:/Embedded Systems ( ITI )/ITI/ARM/02- Tools-001/02- Tools/03- IMT SDK/IMT_SDK_Win_64/IMT_SDK_Win_64/jre/lib/amd64;C:\Program Files\Microsoft\jdk-11.0.16.101-hotspot\bin;C:\Program Files (x86)\NVIDIA Corporation\PhysX\Common;C:\Windows\system32;C:\Windows;C:\Windows\System32\Wbem;C:\Windows\System32\WindowsPowerShell\v1.0\;C:\Windows\System32\OpenSSH\;F:\Courses\Embedded (IMT)\Embedded Systems AVR Tools\02- Toolchains\mingw64\bin;C:\WINDOWS\system32;C:\WINDOWS;C:\WINDOWS\System32\Wbem;C:\WINDOWS\System32\WindowsPowerShell\v1.0\;C:\WINDOWS\System32\OpenSSH\;C:\Program Files\Microsoft SQL Server\Client SDK\ODBC\170\Tools\Binn\;C:\Program Files (x86)\Microsoft SQL Server\150\Tools\Binn\;C:\Program Files\Microsoft SQL Server\150\Tools\Binn\;C:\Program Files\Microsoft SQL Server\150\DTS\Binn\;C:\Program Files (x86)\Windows Kits\8.1\Windows Performance Toolkit\;C:\Program Files\Microchip\xc8\v2.36\bin;F:\Embedded Systems ( ITI )\01- Embedded Systems AVR Tools\02- Toolchains\01-mingw-w64_x64\mingw64\bin;C:\Program Files\dotnet\;C:\get-pip.py;C:\Python38\bin;C:\Program Files (x86)\Labcenter Electronics\Proteus 8 Professional\Tools\Python\Lib;C:\Program Files\Git\cmd;C:\python27;C:\Program Files (x86)\Labcenter Electronics\Proteus 8 Professional\Tools\Python;C:\Python\Scripts.;C:\Users\lenovo\AppData\Local\Microsoft\WindowsApps;C:\Users\lenovo\.dotnet\tools;C:\Users\lenovo\AppData\Local\Programs\Microsoft VS Code\bin;F:\Embedded Systems ( ITI )\ITI\ARM\02- Tools-001\02- Tools\03- IMT SDK\IMT_SDK_Win_64\IMT_SDK_Win_64]
12:42:31 **** Incremental Build of configuration Debug for project COTS_GPIO ****
make all 
Invoking: Cross ARM GNU Print Size
arm-none-eabi-size --format=berkeley "COTS_GPIO.elf"
   text	   data	    bss	    dec	    hex	filename
   9115	    160	    416	   9691	   25db	COTS_GPIO.elf
Finished building: COTS_GPIO.siz
 
22:18:14 **** Incremental Build of configuration Debug for project USART ****
 all 
Cannot run program "": Launching failed

Error: Program "" not found in PATH
PATH=[F:\Embedded Systems ( ITI )\ITI\ARM\02- Tools-001\02- Tools\03- IMT SDK\IMT_SDK_Win_64\IMT_SDK_Win_64\WinARM\Build Tools\2.10-20180103-1919\bin;F:/Embedded Systems ( ITI )/ITI/ARM/02- Tools-001/02- Tools/03- IMT SDK/IMT_SDK_Win_64/IMT_SDK_Win_64/jre/bin/server;F:/Embedded Systems ( ITI )/ITI/ARM/02- Tools-001/02- Tools/03- IMT SDK/IMT_SDK_Win_64/IMT_SDK_Win_64/jre/bin;F:/Embedded Systems ( ITI )/ITI/ARM/02- Tools-001/02- Tools/03- IMT SDK/IMT_SDK_Win_64/IMT_SDK_Win_64/jre/lib/amd64;C:\Program Files\Microsoft\jdk-11.0.16.101-hotspot\bin;C:\Program Files (x86)\NVIDIA Corporation\PhysX\Common;C:\Windows\system32;C:\Windows;C:\Windows\System32\Wbem;C:\Windows\System32\WindowsPowerShell\v1.0\;C:\Windows\System32\OpenSSH\;F:\Courses\Embedded (IMT)\Embedded Systems AVR Tools\02- Toolchains\mingw64\bin;C:\WINDOWS\system32;C:\WINDOWS;C:\WINDOWS\System32\Wbem;C:\WINDOWS\System32\WindowsPowerShell\v1.0\;C:\WINDOWS\System32\OpenSSH\;C:\Program Files\Microsoft SQL Server\Client SDK\ODBC\170\Tools\Binn\;C:\Program Files (x86)\Microsoft SQL Server\150\Tools\Binn\;C:\Program Files\Microsoft SQL Server\150\Tools\Binn\;C:\Program Files\Microsoft SQL Server\150\DTS\Binn\;C:\Program Files (x86)\Windows Kits\8.1\Windows Performance Toolkit\;C:\Program Files\Microchip\xc8\v2.36\bin;F:\Embedded Systems ( ITI )\01- Embedded Systems AVR Tools\02- Toolchains\01-mingw-w64_x64\mingw64\bin;C:\Program Files\dotnet\;C:\get-pip.py;C:\Python38\bin;C:\Program Files (x86)\Labcenter Electronics\Proteus 8 Professional\Tools\Python\Lib;C:\Program Files\Git\cmd;C:\python27;C:\Program Files (x86)\Labcenter Electronics\Proteus 8 Professional\Tools\Python;C:\Python\Scripts.;C:\Users\lenovo\AppData\Local\Microsoft\WindowsApps;C:\Users\lenovo\.dotnet\tools;C:\Users\lenovo\AppData\Local\Programs\Microsoft VS Code\bin;F:\Embedded Systems ( ITI )\ITI\ARM\02- Tools-001\02- Tools\03- IMT SDK\IMT_SDK_Win_64\IMT_SDK_Win_64]
23:41:18 **** Build of configuration Debug for project ADC ****
 all 
Cannot run program "": Launching failed

Error: Program "" not found in PATH
PATH=[F:\Embedded Systems ( ITI )\ITI\ARM\02- Tools-001\02- Tools\03- IMT SDK\IMT_SDK_Win_64\IMT_SDK_Win_64\WinARM\Build Tools\2.10-20180103-1919\bin;F:/Embedded Systems ( ITI )/ITI/ARM/02- Tools-001/02- Tools/03- IMT SDK/IMT_SDK_Win_64/IMT_SDK_Win_64/jre/bin/server;F:/Embedded Systems ( ITI )/ITI/ARM/02- Tools-001/02- Tools/03- IMT SDK/IMT_SDK_Win_64/IMT_SDK_Win_64/jre/bin;F:/Embedded Systems ( ITI )/ITI/ARM/02- Tools-001/02- Tools/03- IMT SDK/IMT_SDK_Win_64/IMT_SDK_Win_64/jre/lib/amd64;C:\Program Files\Microsoft\jdk-11.0.16.101-hotspot\bin;C:\Program Files (x86)\NVIDIA Corporation\PhysX\Common;C:\Windows\system32;C:\Windows;C:\Windows\System32\Wbem;C:\Windows\System32\WindowsPowerShell\v1.0\;C:\Windows\System32\OpenSSH\;F:\Courses\Embedded (IMT)\Embedded Systems AVR Tools\02- Toolchains\mingw64\bin;C:\WINDOWS\system32;C:\WINDOWS;C:\WINDOWS\System32\Wbem;C:\WINDOWS\System32\WindowsPowerShell\v1.0\;C:\WINDOWS\System32\OpenSSH\;C:\Program Files\Microsoft SQL Server\Client SDK\ODBC\170\Tools\Binn\;C:\Program Files (x86)\Microsoft SQL Server\150\Tools\Binn\;C:\Program Files\Microsoft SQL Server\150\Tools\Binn\;C:\Program Files\Microsoft SQL Server\150\DTS\Binn\;C:\Program Files (x86)\Windows Kits\8.1\Windows Performance Toolkit\;C:\Program Files\Microchip\xc8\v2.36\bin;F:\Embedded Systems ( ITI )\01- Embedded Systems AVR Tools\02- Toolchains\01-mingw-w64_x64\mingw64\bin;C:\Program Files\dotnet\;C:\get-pip.py;C:\Python38\bin;C:\Program Files (x86)\Labcenter Electronics\Proteus 8 Professional\Tools\Python\Lib;C:\Program Files\Git\cmd;C:\python27;C:\Program Files (x86)\Labcenter Electronics\Proteus 8 Professional\Tools\Python;C:\Python\Scripts.;C:\Users\lenovo\AppData\Local\Microsoft\WindowsApps;C:\Users\lenovo\.dotnet\tools;C:\Users\lenovo\AppData\Local\Programs\Microsoft VS Code\bin;F:\Embedded Systems ( ITI )\ITI\ARM\02- Tools-001\02- Tools\03- IMT SDK\IMT_SDK_Win_64\IMT_SDK_Win_64]
23:41:18 **** Incremental Build of configuration Debug for project USART ****
 all 
Cannot run program "": Launching failed

Error: Program "" not found in PATH
PATH=[F:\Embedded Systems ( ITI )\ITI\ARM\02- Tools-001\02- Tools\03- IMT SDK\IMT_SDK_Win_64\IMT_SDK_Win_64\WinARM\Build Tools\2.10-20180103-1919\bin;F:/Embedded Systems ( ITI )/ITI/ARM/02- Tools-001/02- Tools/03- IMT SDK/IMT_SDK_Win_64/IMT_SDK_Win_64/jre/bin/server;F:/Embedded Systems ( ITI )/ITI/ARM/02- Tools-001/02- Tools/03- IMT SDK/IMT_SDK_Win_64/IMT_SDK_Win_64/jre/bin;F:/Embedded Systems ( ITI )/ITI/ARM/02- Tools-001/02- Tools/03- IMT SDK/IMT_SDK_Win_64/IMT_SDK_Win_64/jre/lib/amd64;C:\Program Files\Microsoft\jdk-11.0.16.101-hotspot\bin;C:\Program Files (x86)\NVIDIA Corporation\PhysX\Common;C:\Windows\system32;C:\Windows;C:\Windows\System32\Wbem;C:\Windows\System32\WindowsPowerShell\v1.0\;C:\Windows\System32\OpenSSH\;F:\Courses\Embedded (IMT)\Embedded Systems AVR Tools\02- Toolchains\mingw64\bin;C:\WINDOWS\system32;C:\WINDOWS;C:\WINDOWS\System32\Wbem;C:\WINDOWS\System32\WindowsPowerShell\v1.0\;C:\WINDOWS\System32\OpenSSH\;C:\Program Files\Microsoft SQL Server\Client SDK\ODBC\170\Tools\Binn\;C:\Program Files (x86)\Microsoft SQL Server\150\Tools\Binn\;C:\Program Files\Microsoft SQL Server\150\Tools\Binn\;C:\Program Files\Microsoft SQL Server\150\DTS\Binn\;C:\Program Files (x86)\Windows Kits\8.1\Windows Performance Toolkit\;C:\Program Files\Microchip\xc8\v2.36\bin;F:\Embedded Systems ( ITI )\01- Embedded Systems AVR Tools\02- Toolchains\01-mingw-w64_x64\mingw64\bin;C:\Program Files\dotnet\;C:\get-pip.py;C:\Python38\bin;C:\Program Files (x86)\Labcenter Electronics\Proteus 8 Professional\Tools\Python\Lib;C:\Program Files\Git\cmd;C:\python27;C:\Program Files (x86)\Labcenter Electronics\Proteus 8 Professional\Tools\Python;C:\Python\Scripts.;C:\Users\lenovo\AppData\Local\Microsoft\WindowsApps;C:\Users\lenovo\.dotnet\tools;C:\Users\lenovo\AppData\Local\Programs\Microsoft VS Code\bin;F:\Embedded Systems ( ITI )\ITI\ARM\02- Tools-001\02- Tools\03- IMT SDK\IMT_SDK_Win_64\IMT_SDK_Win_64]
23:41:53 **** Incremental Build of configuration Debug for project ADC ****
 all 
Cannot run program "": Launching failed

Error: Program "" not found in PATH
PATH=[F:\Embedded Systems ( ITI )\ITI\ARM\02- Tools-001\02- Tools\03- IMT SDK\IMT_SDK_Win_64\IMT_SDK_Win_64\WinARM\Build Tools\2.10-20180103-1919\bin;F:/Embedded Systems ( ITI )/ITI/ARM/02- Tools-001/02- Tools/03- IMT SDK/IMT_SDK_Win_64/IMT_SDK_Win_64/jre/bin/server;F:/Embedded Systems ( ITI )/ITI/ARM/02- Tools-001/02- Tools/03- IMT SDK/IMT_SDK_Win_64/IMT_SDK_Win_64/jre/bin;F:/Embedded Systems ( ITI )/ITI/ARM/02- Tools-001/02- Tools/03- IMT SDK/IMT_SDK_Win_64/IMT_SDK_Win_64/jre/lib/amd64;C:\Program Files\Microsoft\jdk-11.0.16.101-hotspot\bin;C:\Program Files (x86)\NVIDIA Corporation\PhysX\Common;C:\Windows\system32;C:\Windows;C:\Windows\System32\Wbem;C:\Windows\System32\WindowsPowerShell\v1.0\;C:\Windows\System32\OpenSSH\;F:\Courses\Embedded (IMT)\Embedded Systems AVR Tools\02- Toolchains\mingw64\bin;C:\WINDOWS\system32;C:\WINDOWS;C:\WINDOWS\System32\Wbem;C:\WINDOWS\System32\WindowsPowerShell\v1.0\;C:\WINDOWS\System32\OpenSSH\;C:\Program Files\Microsoft SQL Server\Client SDK\ODBC\170\Tools\Binn\;C:\Program Files (x86)\Microsoft SQL Server\150\Tools\Binn\;C:\Program Files\Microsoft SQL Server\150\Tools\Binn\;C:\Program Files\Microsoft SQL Server\150\DTS\Binn\;C:\Program Files (x86)\Windows Kits\8.1\Windows Performance Toolkit\;C:\Program Files\Microchip\xc8\v2.36\bin;F:\Embedded Systems ( ITI )\01- Embedded Systems AVR Tools\02- Toolchains\01-mingw-w64_x64\mingw64\bin;C:\Program Files\dotnet\;C:\get-pip.py;C:\Python38\bin;C:\Program Files (x86)\Labcenter Electronics\Proteus 8 Professional\Tools\Python\Lib;C:\Program Files\Git\cmd;C:\python27;C:\Program Files (x86)\Labcenter Electronics\Proteus 8 Professional\Tools\Python;C:\Python\Scripts.;C:\Users\lenovo\AppData\Local\Microsoft\WindowsApps;C:\Users\lenovo\.dotnet\tools;C:\Users\lenovo\AppData\Local\Programs\Microsoft VS Code\bin;F:\Embedded Systems ( ITI )\ITI\ARM\02- Tools-001\02- Tools\03- IMT SDK\IMT_SDK_Win_64\IMT_SDK_Win_64]
23:41:53 **** Incremental Build of configuration Debug for project USART ****
 all 
Cannot run program "": Launching failed

Error: Program "" not found in PATH
PATH=[F:\Embedded Systems ( ITI )\ITI\ARM\02- Tools-001\02- Tools\03- IMT SDK\IMT_SDK_Win_64\IMT_SDK_Win_64\WinARM\Build Tools\2.10-20180103-1919\bin;F:/Embedded Systems ( ITI )/ITI/ARM/02- Tools-001/02- Tools/03- IMT SDK/IMT_SDK_Win_64/IMT_SDK_Win_64/jre/bin/server;F:/Embedded Systems ( ITI )/ITI/ARM/02- Tools-001/02- Tools/03- IMT SDK/IMT_SDK_Win_64/IMT_SDK_Win_64/jre/bin;F:/Embedded Systems ( ITI )/ITI/ARM/02- Tools-001/02- Tools/03- IMT SDK/IMT_SDK_Win_64/IMT_SDK_Win_64/jre/lib/amd64;C:\Program Files\Microsoft\jdk-11.0.16.101-hotspot\bin;C:\Program Files (x86)\NVIDIA Corporation\PhysX\Common;C:\Windows\system32;C:\Windows;C:\Windows\System32\Wbem;C:\Windows\System32\WindowsPowerShell\v1.0\;C:\Windows\System32\OpenSSH\;F:\Courses\Embedded (IMT)\Embedded Systems AVR Tools\02- Toolchains\mingw64\bin;C:\WINDOWS\system32;C:\WINDOWS;C:\WINDOWS\System32\Wbem;C:\WINDOWS\System32\WindowsPowerShell\v1.0\;C:\WINDOWS\System32\OpenSSH\;C:\Program Files\Microsoft SQL Server\Client SDK\ODBC\170\Tools\Binn\;C:\Program Files (x86)\Microsoft SQL Server\150\Tools\Binn\;C:\Program Files\Microsoft SQL Server\150\Tools\Binn\;C:\Program Files\Microsoft SQL Server\150\DTS\Binn\;C:\Program Files (x86)\Windows Kits\8.1\Windows Performance Toolkit\;C:\Program Files\Microchip\xc8\v2.36\bin;F:\Embedded Systems ( ITI )\01- Embedded Systems AVR Tools\02- Toolchains\01-mingw-w64_x64\mingw64\bin;C:\Program Files\dotnet\;C:\get-pip.py;C:\Python38\bin;C:\Program Files (x86)\Labcenter Electronics\Proteus 8 Professional\Tools\Python\Lib;C:\Program Files\Git\cmd;C:\python27;C:\Program Files (x86)\Labcenter Electronics\Proteus 8 Professional\Tools\Python;C:\Python\Scripts.;C:\Users\lenovo\AppData\Local\Microsoft\WindowsApps;C:\Users\lenovo\.dotnet\tools;C:\Users\lenovo\AppData\Local\Programs\Microsoft VS Code\bin;F:\Embedded Systems ( ITI )\ITI\ARM\02- Tools-001\02- Tools\03- IMT SDK\IMT_SDK_Win_64\IMT_SDK_Win_64]
